2026-08-11 19:36:25,772 - INFO - app - Student Management API started
2026-08-11 19:36:25,793 - WARNING - werkzeug -  * Debugger is active!
2026-08-11 19:36:25,801 - INFO - werkzeug -  * Debugger PIN: 711-223-653
2026-08-11 19:36:28,771 - INFO - werkzeug -  * Detected change in '/Users/gunugantivamshi/Desktop/ Student_Management_Api/app.py', reloading
2026-08-11 19:36:29,101 - INFO - app - Student Management API started
2026-08-11 19:36:29,128 - WARNING - werkzeug -  * Debugger is active!
2026-08-11 19:36:29,136 - INFO - werkzeug -  * Debugger PIN: 711-223-653
2026-08-11 19:38:27,766 - INFO - werkzeug - 127.0.0.1 - - [11/Aug/2026 19:38:27] "GET / HTTP/1.1" 200 -
2026-08-11 19:38:56,253 - INFO - werkzeug - 127.0.0.1 - - [11/Aug/2026 19:38:56] "[32mPOST /students HTTP/1.1[0m" 308 -
2026-08-11 19:38:56,278 - INFO - services.student_service - Student created successfully: 8
2026-08-11 19:38:56,278 - INFO - werkzeug - 127.0.0.1 - - [11/Aug/2026 19:38:56] "[35m[1mPOST /students/ HTTP/1.1[0m" 201 -
2026-08-11 19:40:52,158 - INFO - werkzeug -  * Detected change in '/Users/gunugantivamshi/Desktop/ Student_Management_Api/utils/response.py', reloading
2026-08-11 19:40:52,159 - INFO - werkzeug -  * Detected change in '/Users/gunugantivamshi/Desktop/ Student_Management_Api/utils/response.py', reloading
2026-08-11 19:40:52,338 - INFO - werkzeug -  * Detected change in '/Users/gunugantivamshi/Desktop/ Student_Management_Api/utils/response.py', reloading
2026-08-11 19:40:52,369 - INFO - werkzeug -  * Detected change in '/Users/gunugantivamshi/Desktop/ Student_Management_Api/utils/response.py', reloading
2026-08-11 19:40:53,154 - INFO - app - Student Management API started
2026-08-11 19:40:53,192 - WARNING - werkzeug -  * Debugger is active!
2026-08-11 19:40:53,201 - INFO - werkzeug -  * Debugger PIN: 711-223-653
2026-08-11 19:40:56,094 - INFO - werkzeug -  * Detected change in '/Users/gunugantivamshi/Desktop/ Student_Management_Api/utils/response.py', reloading
2026-08-11 19:40:56,486 - INFO - app - Student Management API started
2026-08-11 19:40:56,507 - WARNING - werkzeug -  * Debugger is active!
2026-08-11 19:40:56,513 - INFO - werkzeug -  * Debugger PIN: 711-223-653
2026-08-11 19:40:57,923 - INFO - werkzeug -  * Detected change in '/Users/gunugantivamshi/Desktop/ Student_Management_Api/utils/response.py', reloading
2026-08-11 19:40:58,058 - INFO - werkzeug -  * Detected change in '/Users/gunugantivamshi/Desktop/ Student_Management_Api/utils/response.py', reloading
2026-08-11 19:40:58,756 - INFO - app - Student Management API started
2026-08-11 19:40:58,777 - WARNING - werkzeug -  * Debugger is active!
2026-08-11 19:40:58,784 - INFO - werkzeug -  * Debugger PIN: 711-223-653
2026-08-11 19:41:02,669 - INFO - werkzeug -  * Detected change in '/Users/gunugantivamshi/Desktop/ Student_Management_Api/utils/response.py', reloading
2026-08-11 19:41:03,052 - INFO - app - Student Management API started
2026-08-11 19:41:03,074 - WARNING - werkzeug -  * Debugger is active!
2026-08-11 19:41:03,082 - INFO - werkzeug -  * Debugger PIN: 711-223-653
2026-08-11 19:43:09,582 - INFO - werkzeug -  * Detected change in '/Users/gunugantivamshi/Desktop/ Student_Management_Api/routes/students.py', reloading
2026-08-11 19:43:10,219 - INFO - app - Student Management API started
2026-08-11 19:43:10,249 - WARNING - werkzeug -  * Debugger is active!
2026-08-11 19:43:10,259 - INFO - werkzeug -  * Debugger PIN: 711-223-653
2026-08-11 19:43:16,107 - INFO - werkzeug -  * Detected change in '/Users/gunugantivamshi/Desktop/ Student_Management_Api/routes/students.py', reloading
2026-08-11 19:43:16,676 - INFO - app - Student Management API started
2026-08-11 19:43:16,705 - WARNING - werkzeug -  * Debugger is active!
2026-08-11 19:43:16,714 - INFO - werkzeug -  * Debugger PIN: 711-223-653
2026-08-11 19:43:25,670 - INFO - werkzeug -  * Detected change in '/Users/gunugantivamshi/Desktop/ Student_Management_Api/routes/students.py', reloading
2026-08-11 19:43:26,076 - INFO - app - Student Management API started
2026-08-11 19:43:26,100 - WARNING - werkzeug -  * Debugger is active!
2026-08-11 19:43:26,110 - INFO - werkzeug -  * Debugger PIN: 711-223-653
2026-08-11 19:43:29,550 - INFO - werkzeug -  * Detected change in '/Users/gunugantivamshi/Desktop/ Student_Management_Api/routes/students.py', reloading
2026-08-11 19:43:30,357 - INFO - app - Student Management API started
2026-08-11 19:43:30,376 - WARNING - werkzeug -  * Debugger is active!
2026-08-11 19:43:30,383 - INFO - werkzeug -  * Debugger PIN: 711-223-653
2026-08-11 19:43:42,514 - INFO - werkzeug -  * Detected change in '/Users/gunugantivamshi/Desktop/ Student_Management_Api/routes/students.py', reloading
2026-08-11 19:43:42,634 - INFO - werkzeug -  * Detected change in '/Users/gunugantivamshi/Desktop/ Student_Management_Api/routes/students.py', reloading
2026-08-11 19:43:43,755 - INFO - app - Student Management API started
2026-08-11 19:43:43,783 - WARNING - werkzeug -  * Debugger is active!
2026-08-11 19:43:43,792 - INFO - werkzeug -  * Debugger PIN: 711-223-653
2026-08-11 19:43:46,438 - INFO - werkzeug -  * Detected change in '/Users/gunugantivamshi/Desktop/ Student_Management_Api/routes/students.py', reloading
2026-08-11 19:43:47,071 - INFO - app - Student Management API started
2026-08-11 19:43:47,091 - WARNING - werkzeug -  * Debugger is active!
2026-08-11 19:43:47,098 - INFO - werkzeug -  * Debugger PIN: 711-223-653
2026-08-11 19:44:02,057 - INFO - werkzeug -  * Detected change in '/Users/gunugantivamshi/Desktop/ Student_Management_Api/routes/students.py', reloading
2026-08-11 19:44:02,546 - INFO - app - Student Management API started
2026-08-11 19:44:02,584 - WARNING - werkzeug -  * Debugger is active!
2026-08-11 19:44:02,593 - INFO - werkzeug -  * Debugger PIN: 711-223-653
2026-08-11 19:44:08,155 - INFO - werkzeug -  * Detected change in '/Users/gunugantivamshi/Desktop/ Student_Management_Api/routes/students.py', reloading
2026-08-11 19:44:08,847 - INFO - app - Student Management API started
2026-08-11 19:44:08,867 - WARNING - werkzeug -  * Debugger is active!
2026-08-11 19:44:08,875 - INFO - werkzeug -  * Debugger PIN: 711-223-653
2026-08-11 19:44:39,367 - INFO - werkzeug -  * Detected change in '/Users/gunugantivamshi/Desktop/ Student_Management_Api/routes/students.py', reloading
2026-08-11 19:44:40,416 - INFO - app - Student Management API started
2026-08-11 19:44:40,459 - WARNING - werkzeug -  * Debugger is active!
2026-08-11 19:44:40,467 - INFO - werkzeug -  * Debugger PIN: 711-223-653
2026-08-11 19:44:43,565 - INFO - werkzeug -  * Detected change in '/Users/gunugantivamshi/Desktop/ Student_Management_Api/routes/students.py', reloading
2026-08-11 19:44:44,771 - INFO - app - Student Management API started
2026-08-11 19:44:44,793 - WARNING - werkzeug -  * Debugger is active!
2026-08-11 19:44:44,801 - INFO - werkzeug -  * Debugger PIN: 711-223-653
2026-08-11 19:44:48,475 - INFO - werkzeug -  * Detected change in '/Users/gunugantivamshi/Desktop/ Student_Management_Api/routes/students.py', reloading
2026-08-11 19:44:48,540 - INFO - werkzeug -  * Detected change in '/Users/gunugantivamshi/Desktop/ Student_Management_Api/routes/students.py', reloading
2026-08-11 19:44:49,134 - INFO - app - Student Management API started
2026-08-11 19:44:49,157 - WARNING - werkzeug -  * Debugger is active!
2026-08-11 19:44:49,165 - INFO - werkzeug -  * Debugger PIN: 711-223-653
2026-08-11 19:44:52,273 - INFO - werkzeug -  * Detected change in '/Users/gunugantivamshi/Desktop/ Student_Management_Api/routes/students.py', reloading
2026-08-11 19:44:53,399 - INFO - app - Student Management API started
2026-08-11 19:44:53,420 - WARNING - werkzeug -  * Debugger is active!
2026-08-11 19:44:53,427 - INFO - werkzeug -  * Debugger PIN: 711-223-653
2026-08-11 19:46:04,339 - INFO - werkzeug -  * Detected change in '/Users/gunugantivamshi/Desktop/ Student_Management_Api/app.py', reloading
2026-08-11 19:46:05,329 - INFO - app - Student Management API started
2026-08-11 19:46:05,368 - WARNING - werkzeug -  * Debugger is active!
2026-08-11 19:46:05,382 - INFO - werkzeug -  * Debugger PIN: 711-223-653
2026-08-11 19:46:09,489 - INFO - werkzeug -  * Detected change in '/Users/gunugantivamshi/Desktop/ Student_Management_Api/app.py', reloading
2026-08-11 19:46:10,740 - INFO - app - Student Management API started
2026-08-11 19:46:10,765 - WARNING - werkzeug -  * Debugger is active!
2026-08-11 19:46:10,771 - INFO - werkzeug -  * Debugger PIN: 711-223-653
2026-08-11 19:46:20,624 - INFO - werkzeug -  * Detected change in '/Users/gunugantivamshi/Desktop/ Student_Management_Api/app.py', reloading
2026-08-11 19:46:20,731 - INFO - werkzeug -  * Detected change in '/Users/gunugantivamshi/Desktop/ Student_Management_Api/app.py', reloading
2026-08-11 19:46:21,169 - INFO - app - Student Management API started
2026-08-11 19:46:21,191 - WARNING - werkzeug -  * Debugger is active!
2026-08-11 19:46:21,198 - INFO - werkzeug -  * Debugger PIN: 711-223-653
2026-08-11 19:46:26,055 - INFO - werkzeug -  * Detected change in '/Users/gunugantivamshi/Desktop/ Student_Management_Api/app.py', reloading
2026-08-11 19:46:26,490 - INFO - app - Student Management API started
2026-08-11 19:46:26,509 - WARNING - werkzeug -  * Debugger is active!
2026-08-11 19:46:26,518 - INFO - werkzeug -  * Debugger PIN: 711-223-653
2026-08-12 20:08:18,726 - INFO - app - Student Management API started
2026-08-12 20:08:18,799 - INFO - werkzeug - [31m[1mWARNING: This is a development server. Do not use it in a production deployment. Use a production WSGI server instead.[0m
 * Running on http://127.0.0.1:5000
2026-08-12 20:08:18,799 - INFO - werkzeug - [33mPress CTRL+C to quit[0m
2026-08-12 20:08:18,813 - INFO - werkzeug -  * Restarting with watchdog (fsevents)
2026-08-12 20:08:18,969 - INFO - app - Student Management API started
2026-08-12 20:08:18,989 - WARNING - werkzeug -  * Debugger is active!
2026-08-12 20:08:18,998 - INFO - werkzeug -  * Debugger PIN: 940-623-612
2026-08-12 20:08:45,529 - INFO - app - Student Management API started
2026-08-12 20:08:45,562 - INFO - werkzeug - [31m[1mWARNING: This is a development server. Do not use it in a production deployment. Use a production WSGI server instead.[0m
 * Running on http://127.0.0.1:5000
2026-08-12 20:08:45,562 - INFO - werkzeug - [33mPress CTRL+C to quit[0m
2026-08-12 20:08:45,567 - INFO - werkzeug -  * Restarting with watchdog (fsevents)
2026-08-12 20:08:45,720 - INFO - app - Student Management API started
2026-08-12 20:08:45,739 - WARNING - werkzeug -  * Debugger is active!
2026-08-12 20:08:45,744 - INFO - werkzeug -  * Debugger PIN: 940-623-612
2026-08-12 20:21:54,745 - INFO - app - Student Management API started
2026-08-12 20:25:24,794 - INFO - app - Student Management API started
2026-08-12 20:25:24,834 - INFO - services.student_service - Student created successfully: 1
2026-08-12 20:27:29,574 - INFO - app - Student Management API started
2026-08-12 20:27:29,615 - INFO - services.student_service - Student created successfully: 1
2026-08-12 20:27:29,617 - INFO - services.student_service - Student created successfully: 1
2026-08-12 20:28:23,925 - INFO - app - Student Management API started
2026-08-12 20:28:23,967 - INFO - services.student_service - Student created successfully: 1
2026-08-12 20:28:23,969 - INFO - services.student_service - Student created successfully: 1
2026-08-12 20:28:23,974 - INFO - services.student_service - Student created successfully: 1
2026-08-12 20:28:23,975 - INFO - services.student_service - Student updated successfully: 1
2026-08-12 20:28:23,978 - INFO - services.student_service - Student created successfully: 1
2026-08-12 20:28:23,979 - INFO - services.student_service - Student deleted successfully: 1
2026-08-12 20:29:22,469 - INFO - app - Student Management API started
2026-08-12 20:29:22,512 - INFO - services.student_service - Student created successfully: 1
2026-08-12 20:29:22,514 - INFO - services.student_service - Student created successfully: 1
2026-08-12 20:29:22,519 - INFO - services.student_service - Student created successfully: 1
2026-08-12 20:29:22,520 - INFO - services.student_service - Student updated successfully: 1
2026-08-12 20:29:22,527 - INFO - services.student_service - Student created successfully: 1
2026-08-12 20:29:22,528 - INFO - services.student_service - Student deleted successfully: 1
2026-08-12 20:30:26,580 - INFO - app - Student Management API started
2026-08-12 20:30:26,624 - INFO - services.student_service - Student created successfully: 1
2026-08-12 20:30:26,627 - INFO - services.student_service - Student created successfully: 1
2026-08-12 20:30:26,632 - INFO - services.student_service - Student created successfully: 1
2026-08-12 20:30:26,633 - INFO - services.student_service - Student updated successfully: 1
2026-08-12 20:30:26,635 - INFO - services.student_service - Student created successfully: 1
2026-08-12 20:30:26,636 - INFO - services.student_service - Student deleted successfully: 1
2026-08-12 20:30:26,643 - INFO - services.student_service - Student created successfully: 1
2026-08-12 20:30:26,644 - INFO - services.student_service - Student created successfully: 2
2026-08-12 20:30:26,659 - INFO - services.student_service - Student created successfully: 1
2026-08-12 20:30:26,660 - INFO - services.student_service - Student created successfully: 2
2026-08-12 20:30:26,664 - INFO - services.student_service - Student created successfully: 1
2026-08-12 20:30:26,665 - INFO - services.student_service - Student created successfully: 2
2026-08-12 20:30:26,665 - INFO - services.student_service - Student created successfully: 3
2026-08-12 20:30:26,666 - INFO - services.student_service - Student created successfully: 4
2026-08-12 20:30:26,667 - INFO - services.student_service - Student created successfully: 5
2026-08-12 20:32:51,513 - INFO - app - Student Management API started
2026-08-12 20:32:51,550 - INFO - services.student_service - Student created successfully: 1
2026-08-12 20:32:51,552 - INFO - services.student_service - Student created successfully: 1
2026-08-12 20:32:51,558 - INFO - services.student_service - Student created successfully: 1
2026-08-12 20:32:51,559 - INFO - services.student_service - Student updated successfully: 1
2026-08-12 20:32:51,562 - INFO - services.student_service - Student created successfully: 1
2026-08-12 20:32:51,563 - INFO - services.student_service - Student deleted successfully: 1
2026-08-12 20:32:51,569 - INFO - services.student_service - Student created successfully: 1
2026-08-12 20:32:51,570 - INFO - services.student_service - Student created successfully: 2
2026-08-12 20:32:51,574 - INFO - services.student_service - Student created successfully: 1
2026-08-12 20:32:51,575 - INFO - services.student_service - Student created successfully: 2
2026-08-12 20:32:51,577 - INFO - services.student_service - Student created successfully: 1
2026-08-12 20:32:51,578 - INFO - services.student_service - Student created successfully: 2
2026-08-12 20:32:51,579 - INFO - services.student_service - Student created successfully: 3
2026-08-12 20:32:51,580 - INFO - services.student_service - Student created successfully: 4
2026-08-12 20:32:51,581 - INFO - services.student_service - Student created successfully: 5
2026-08-12 20:33:34,077 - INFO - app - Student Management API started
2026-08-12 20:33:34,120 - INFO - services.student_service - Student created successfully: 1
2026-08-12 20:33:34,123 - INFO - services.student_service - Student created successfully: 1
2026-08-12 20:33:34,131 - INFO - services.student_service - Student created successfully: 1
2026-08-12 20:33:34,133 - INFO - services.student_service - Student updated successfully: 1
2026-08-12 20:33:34,135 - INFO - services.student_service - Student created successfully: 1
2026-08-12 20:33:34,136 - INFO - services.student_service - Student deleted successfully: 1
2026-08-12 20:33:34,144 - INFO - services.student_service - Student created successfully: 1
2026-08-12 20:33:34,146 - INFO - services.student_service - Student created successfully: 2
2026-08-12 20:33:34,150 - INFO - services.student_service - Student created successfully: 1
2026-08-12 20:33:34,150 - INFO - services.student_service - Student created successfully: 2
2026-08-12 20:33:34,153 - INFO - services.student_service - Student created successfully: 1
2026-08-12 20:33:34,153 - INFO - services.student_service - Student created successfully: 2
2026-08-12 20:33:34,154 - INFO - services.student_service - Student created successfully: 3
2026-08-12 20:33:34,155 - INFO - services.student_service - Student created successfully: 4
2026-08-12 20:33:34,156 - INFO - services.student_service - Student created successfully: 5
2026-08-12 20:34:07,836 - INFO - app - Student Management API started
2026-08-12 20:34:07,878 - INFO - services.student_service - Student created successfully: 1
2026-08-12 20:34:07,880 - INFO - services.student_service - Student created successfully: 1
2026-08-12 20:34:07,885 - INFO - services.student_service - Student created successfully: 1
2026-08-12 20:34:07,886 - INFO - services.student_service - Student updated successfully: 1
2026-08-12 20:34:07,888 - INFO - services.student_service - Student created successfully: 1
2026-08-12 20:34:07,889 - INFO - services.student_service - Student deleted successfully: 1
2026-08-12 20:34:07,895 - INFO - services.student_service - Student created successfully: 1
2026-08-12 20:34:07,896 - INFO - services.student_service - Student created successfully: 2
2026-08-12 20:34:07,900 - INFO - services.student_service - Student created successfully: 1
2026-08-12 20:34:07,900 - INFO - services.student_service - Student created successfully: 2
2026-08-12 20:34:07,903 - INFO - services.student_service - Student created successfully: 1
2026-08-12 20:34:07,904 - INFO - services.student_service - Student created successfully: 2
2026-08-12 20:34:07,905 - INFO - services.student_service - Student created successfully: 3
2026-08-12 20:34:07,906 - INFO - services.student_service - Student created successfully: 4
2026-08-12 20:34:07,907 - INFO - services.student_service - Student created successfully: 5
